Analysis & Synthesis report for microprocessor
Thu Nov 24 19:47:52 2016
Quartus Prime Version 16.0.0 Build 211 04/27/2016 SJ Lite Edition


---------------------
; Table of Contents ;
---------------------
  1. Legal Notice
  2. Analysis & Synthesis Summary
  3. Analysis & Synthesis Settings
  4. Parallel Compilation
  5. Analysis & Synthesis Messages



----------------
; Legal Notice ;
----------------
Copyright (C) 1991-2016 Altera Corporation. All rights reserved.
Your use of Altera Corporation's design tools, logic functions 
and other software and tools, and its AMPP partner logic 
functions, and any output files from any of the foregoing 
(including device programming or simulation files), and any 
associated documentation or information are expressly subject 
to the terms and conditions of the Altera Program License 
Subscription Agreement, the Altera Quartus Prime License Agreement,
the Altera MegaCore Function License Agreement, or other 
applicable license agreement, including, without limitation, 
that your use is for the sole purpose of programming logic 
devices manufactured by Altera and sold by Altera or its 
authorized distributors.  Please refer to the applicable 
agreement for further details.



+----------------------------------------------------------------------------------+
; Analysis & Synthesis Summary                                                     ;
+------------------------------------+---------------------------------------------+
; Analysis & Synthesis Status        ; Failed - Thu Nov 24 19:47:52 2016           ;
; Quartus Prime Version              ; 16.0.0 Build 211 04/27/2016 SJ Lite Edition ;
; Revision Name                      ; microprocessor                              ;
; Top-level Entity Name              ; microprocessor                              ;
; Family                             ; Cyclone IV E                                ;
; Total logic elements               ; N/A until Partition Merge                   ;
;     Total combinational functions  ; N/A until Partition Merge                   ;
;     Dedicated logic registers      ; N/A until Partition Merge                   ;
; Total registers                    ; N/A until Partition Merge                   ;
; Total pins                         ; N/A until Partition Merge                   ;
; Total virtual pins                 ; N/A until Partition Merge                   ;
; Total memory bits                  ; N/A until Partition Merge                   ;
; Embedded Multiplier 9-bit elements ; N/A until Partition Merge                   ;
; Total PLLs                         ; N/A until Partition Merge                   ;
+------------------------------------+---------------------------------------------+


+----------------------------------------------------------------------------------------------------------------------+
; Analysis & Synthesis Settings                                                                                        ;
+----------------------------------------------------------------------------+--------------------+--------------------+
; Option                                                                     ; Setting            ; Default Value      ;
+----------------------------------------------------------------------------+--------------------+--------------------+
; Top-level entity name                                                      ; microprocessor     ; microprocessor     ;
; Family name                                                                ; Cyclone IV E       ; Cyclone V          ;
; Use smart compilation                                                      ; Off                ; Off                ;
; Enable parallel Assembler and TimeQuest Timing Analyzer during compilation ; On                 ; On                 ;
; Enable compact report table                                                ; Off                ; Off                ;
; Restructure Multiplexers                                                   ; Auto               ; Auto               ;
; Create Debugging Nodes for IP Cores                                        ; Off                ; Off                ;
; Preserve fewer node names                                                  ; On                 ; On                 ;
; Disable OpenCore Plus hardware evaluation                                  ; Off                ; Off                ;
; Verilog Version                                                            ; Verilog_2001       ; Verilog_2001       ;
; VHDL Version                                                               ; VHDL_1993          ; VHDL_1993          ;
; State Machine Processing                                                   ; Auto               ; Auto               ;
; Safe State Machine                                                         ; Off                ; Off                ;
; Extract Verilog State Machines                                             ; On                 ; On                 ;
; Extract VHDL State Machines                                                ; On                 ; On                 ;
; Ignore Verilog initial constructs                                          ; Off                ; Off                ;
; Iteration limit for constant Verilog loops                                 ; 5000               ; 5000               ;
; Iteration limit for non-constant Verilog loops                             ; 250                ; 250                ;
; Add Pass-Through Logic to Inferred RAMs                                    ; On                 ; On                 ;
; Infer RAMs from Raw Logic                                                  ; On                 ; On                 ;
; Parallel Synthesis                                                         ; On                 ; On                 ;
; DSP Block Balancing                                                        ; Auto               ; Auto               ;
; NOT Gate Push-Back                                                         ; On                 ; On                 ;
; Power-Up Don't Care                                                        ; On                 ; On                 ;
; Remove Redundant Logic Cells                                               ; Off                ; Off                ;
; Remove Duplicate Registers                                                 ; On                 ; On                 ;
; Ignore CARRY Buffers                                                       ; Off                ; Off                ;
; Ignore CASCADE Buffers                                                     ; Off                ; Off                ;
; Ignore GLOBAL Buffers                                                      ; Off                ; Off                ;
; Ignore ROW GLOBAL Buffers                                                  ; Off                ; Off                ;
; Ignore LCELL Buffers                                                       ; Off                ; Off                ;
; Ignore SOFT Buffers                                                        ; On                 ; On                 ;
; Limit AHDL Integers to 32 Bits                                             ; Off                ; Off                ;
; Optimization Technique                                                     ; Balanced           ; Balanced           ;
; Carry Chain Length                                                         ; 70                 ; 70                 ;
; Auto Carry Chains                                                          ; On                 ; On                 ;
; Auto Open-Drain Pins                                                       ; On                 ; On                 ;
; Perform WYSIWYG Primitive Resynthesis                                      ; Off                ; Off                ;
; Auto ROM Replacement                                                       ; On                 ; On                 ;
; Auto RAM Replacement                                                       ; On                 ; On                 ;
; Auto DSP Block Replacement                                                 ; On                 ; On                 ;
; Auto Shift Register Replacement                                            ; Auto               ; Auto               ;
; Allow Shift Register Merging across Hierarchies                            ; Auto               ; Auto               ;
; Auto Clock Enable Replacement                                              ; On                 ; On                 ;
; Strict RAM Replacement                                                     ; Off                ; Off                ;
; Allow Synchronous Control Signals                                          ; On                 ; On                 ;
; Force Use of Synchronous Clear Signals                                     ; Off                ; Off                ;
; Auto RAM Block Balancing                                                   ; On                 ; On                 ;
; Auto RAM to Logic Cell Conversion                                          ; Off                ; Off                ;
; Auto Resource Sharing                                                      ; Off                ; Off                ;
; Allow Any RAM Size For Recognition                                         ; Off                ; Off                ;
; Allow Any ROM Size For Recognition                                         ; Off                ; Off                ;
; Allow Any Shift Register Size For Recognition                              ; Off                ; Off                ;
; Use LogicLock Constraints during Resource Balancing                        ; On                 ; On                 ;
; Ignore translate_off and synthesis_off directives                          ; Off                ; Off                ;
; Timing-Driven Synthesis                                                    ; On                 ; On                 ;
; Report Parameter Settings                                                  ; On                 ; On                 ;
; Report Source Assignments                                                  ; On                 ; On                 ;
; Report Connectivity Checks                                                 ; On                 ; On                 ;
; Ignore Maximum Fan-Out Assignments                                         ; Off                ; Off                ;
; Synchronization Register Chain Length                                      ; 2                  ; 2                  ;
; PowerPlay Power Optimization During Synthesis                              ; Normal compilation ; Normal compilation ;
; HDL message level                                                          ; Level2             ; Level2             ;
; Suppress Register Optimization Related Messages                            ; Off                ; Off                ;
; Number of Removed Registers Reported in Synthesis Report                   ; 5000               ; 5000               ;
; Number of Swept Nodes Reported in Synthesis Report                         ; 5000               ; 5000               ;
; Number of Inverted Registers Reported in Synthesis Report                  ; 100                ; 100                ;
; Clock MUX Protection                                                       ; On                 ; On                 ;
; Auto Gated Clock Conversion                                                ; Off                ; Off                ;
; Block Design Naming                                                        ; Auto               ; Auto               ;
; SDC constraint protection                                                  ; Off                ; Off                ;
; Synthesis Effort                                                           ; Auto               ; Auto               ;
; Shift Register Replacement - Allow Asynchronous Clear Signal               ; On                 ; On                 ;
; Pre-Mapping Resynthesis Optimization                                       ; Off                ; Off                ;
; Analysis & Synthesis Message Level                                         ; Medium             ; Medium             ;
; Disable Register Merging Across Hierarchies                                ; Auto               ; Auto               ;
; Resource Aware Inference For Block RAM                                     ; On                 ; On                 ;
; Synthesis Seed                                                             ; 1                  ; 1                  ;
+----------------------------------------------------------------------------+--------------------+--------------------+


+------------------------------------------+
; Parallel Compilation                     ;
+----------------------------+-------------+
; Processors                 ; Number      ;
+----------------------------+-------------+
; Number detected on machine ; 4           ;
; Maximum allowed            ; 2           ;
;                            ;             ;
; Average used               ; 1.00        ;
; Maximum used               ; 1           ;
;                            ;             ;
; Usage by Processor         ; % Time Used ;
;     Processor 1            ; 100.0%      ;
+----------------------------+-------------+


+-------------------------------+
; Analysis & Synthesis Messages ;
+-------------------------------+
Info: *******************************************************************
Info: Running Quartus Prime Analysis & Synthesis
    Info: Version 16.0.0 Build 211 04/27/2016 SJ Lite Edition
    Info: Processing started: Thu Nov 24 19:47:36 2016
Info: Command: quartus_map --read_settings_files=on --write_settings_files=off microprocessor -c microprocessor
Warning (18236): Number of processors has not been specified which may cause overloading on shared machines.  Set the global assignment NUM_PARALLEL_PROCESSORS in your QSF to an appropriate value for best performance.
Info (20030): Parallel compilation is enabled and will use 2 of the 2 processors detected
Info (12021): Found 1 design units, including 0 entities, in source file mem_components.vhd
    Info (12022): Found design unit 1: mem_components File: C:/Users/Ayush Agrawal/Desktop/Pipelined-Microprocessor/Codes/Central-Code/mem_components.vhd Line: 7
Info (12021): Found 2 design units, including 1 entities, in source file mem_access.vhd
    Info (12022): Found design unit 1: mem_access-Behave File: C:/Users/Ayush Agrawal/Desktop/Pipelined-Microprocessor/Codes/Central-Code/mem_access.vhd Line: 31
    Info (12023): Found entity 1: mem_access File: C:/Users/Ayush Agrawal/Desktop/Pipelined-Microprocessor/Codes/Central-Code/mem_access.vhd Line: 22
Info (12021): Found 2 design units, including 1 entities, in source file writeback.vhd
    Info (12022): Found design unit 1: writeBack-WB File: C:/Users/Ayush Agrawal/Desktop/Pipelined-Microprocessor/Codes/Central-Code/writeBack.vhd Line: 24
    Info (12023): Found entity 1: writeBack File: C:/Users/Ayush Agrawal/Desktop/Pipelined-Microprocessor/Codes/Central-Code/writeBack.vhd Line: 4
Info (12021): Found 2 design units, including 1 entities, in source file subtractor.vhd
    Info (12022): Found design unit 1: subtractor-formulas File: C:/Users/Ayush Agrawal/Desktop/Pipelined-Microprocessor/Codes/Central-Code/subtractor.vhd Line: 15
    Info (12023): Found entity 1: subtractor File: C:/Users/Ayush Agrawal/Desktop/Pipelined-Microprocessor/Codes/Central-Code/subtractor.vhd Line: 8
Info (12021): Found 2 design units, including 1 entities, in source file signextender.vhd
    Info (12022): Found design unit 1: signExtender-form File: C:/Users/Ayush Agrawal/Desktop/Pipelined-Microprocessor/Codes/Central-Code/signExtender.vhd Line: 14
    Info (12023): Found entity 1: signExtender File: C:/Users/Ayush Agrawal/Desktop/Pipelined-Microprocessor/Codes/Central-Code/signExtender.vhd Line: 8
Info (12021): Found 2 design units, including 1 entities, in source file registers.vhd
    Info (12022): Found design unit 1: registers-reg File: C:/Users/Ayush Agrawal/Desktop/Pipelined-Microprocessor/Codes/Central-Code/registers.vhd Line: 13
    Info (12023): Found entity 1: registers File: C:/Users/Ayush Agrawal/Desktop/Pipelined-Microprocessor/Codes/Central-Code/registers.vhd Line: 4
Info (12021): Found 2 design units, including 1 entities, in source file registerread.vhd
    Info (12022): Found design unit 1: registerRead-RR File: C:/Users/Ayush Agrawal/Desktop/Pipelined-Microprocessor/Codes/Central-Code/registerRead.vhd Line: 58
    Info (12023): Found entity 1: registerRead File: C:/Users/Ayush Agrawal/Desktop/Pipelined-Microprocessor/Codes/Central-Code/registerRead.vhd Line: 7
Info (12021): Found 1 design units, including 0 entities, in source file registerfilecomponents.vhd
    Info (12022): Found design unit 1: registerFileComponents File: C:/Users/Ayush Agrawal/Desktop/Pipelined-Microprocessor/Codes/Central-Code/registerFileComponents.vhd Line: 7
Info (12021): Found 2 design units, including 1 entities, in source file registerfile.vhd
    Info (12022): Found design unit 1: registerFile-RF File: C:/Users/Ayush Agrawal/Desktop/Pipelined-Microprocessor/Codes/Central-Code/registerFile.vhd Line: 21
    Info (12023): Found entity 1: registerFile File: C:/Users/Ayush Agrawal/Desktop/Pipelined-Microprocessor/Codes/Central-Code/registerFile.vhd Line: 7
Info (12021): Found 2 design units, including 1 entities, in source file register16.vhd
    Info (12022): Found design unit 1: register16-reg File: C:/Users/Ayush Agrawal/Desktop/Pipelined-Microprocessor/Codes/Central-Code/register16.vhd Line: 15
    Info (12023): Found entity 1: register16 File: C:/Users/Ayush Agrawal/Desktop/Pipelined-Microprocessor/Codes/Central-Code/register16.vhd Line: 7
Info (12021): Found 2 design units, including 1 entities, in source file register_1bit.vhd
    Info (12022): Found design unit 1: register_1bit-reg File: C:/Users/Ayush Agrawal/Desktop/Pipelined-Microprocessor/Codes/Central-Code/register_1bit.vhd Line: 12
    Info (12023): Found entity 1: register_1bit File: C:/Users/Ayush Agrawal/Desktop/Pipelined-Microprocessor/Codes/Central-Code/register_1bit.vhd Line: 4
Info (12021): Found 2 design units, including 1 entities, in source file nand_logic.vhd
    Info (12022): Found design unit 1: nand_logic-form File: C:/Users/Ayush Agrawal/Desktop/Pipelined-Microprocessor/Codes/Central-Code/nand_logic.vhd Line: 15
    Info (12023): Found entity 1: nand_logic File: C:/Users/Ayush Agrawal/Desktop/Pipelined-Microprocessor/Codes/Central-Code/nand_logic.vhd Line: 8
Info (12021): Found 2 design units, including 1 entities, in source file mux8.vhd
    Info (12022): Found design unit 1: mux8-Behave File: C:/Users/Ayush Agrawal/Desktop/Pipelined-Microprocessor/Codes/Central-Code/mux8.vhd Line: 14
    Info (12023): Found entity 1: mux8 File: C:/Users/Ayush Agrawal/Desktop/Pipelined-Microprocessor/Codes/Central-Code/mux8.vhd Line: 7
Info (12021): Found 2 design units, including 1 entities, in source file mux3.vhd
    Info (12022): Found design unit 1: mux3-Behave File: C:/Users/Ayush Agrawal/Desktop/Pipelined-Microprocessor/Codes/Central-Code/mux3.vhd Line: 14
    Info (12023): Found entity 1: mux3 File: C:/Users/Ayush Agrawal/Desktop/Pipelined-Microprocessor/Codes/Central-Code/mux3.vhd Line: 7
Info (12021): Found 2 design units, including 1 entities, in source file mux2.vhd
    Info (12022): Found design unit 1: mux2-Behave File: C:/Users/Ayush Agrawal/Desktop/Pipelined-Microprocessor/Codes/Central-Code/mux2.vhd Line: 14
    Info (12023): Found entity 1: mux2 File: C:/Users/Ayush Agrawal/Desktop/Pipelined-Microprocessor/Codes/Central-Code/mux2.vhd Line: 7
Info (12021): Found 2 design units, including 1 entities, in source file multiple.vhd
    Info (12022): Found design unit 1: multiple-form File: C:/Users/Ayush Agrawal/Desktop/Pipelined-Microprocessor/Codes/Central-Code/multiple.vhd Line: 15
    Info (12023): Found entity 1: multiple File: C:/Users/Ayush Agrawal/Desktop/Pipelined-Microprocessor/Codes/Central-Code/multiple.vhd Line: 7
Info (12021): Found 2 design units, including 1 entities, in source file microprocessor.vhd
    Info (12022): Found design unit 1: microprocessor-mic File: C:/Users/Ayush Agrawal/Desktop/Pipelined-Microprocessor/Codes/Central-Code/microprocessor.vhd Line: 12
    Info (12023): Found entity 1: microprocessor File: C:/Users/Ayush Agrawal/Desktop/Pipelined-Microprocessor/Codes/Central-Code/microprocessor.vhd Line: 7
Info (12021): Found 2 design units, including 1 entities, in source file memory.vhd
    Info (12022): Found design unit 1: memory-SYN File: C:/Users/Ayush Agrawal/Desktop/Pipelined-Microprocessor/Codes/Central-Code/memory.vhd Line: 56
    Info (12023): Found entity 1: memory File: C:/Users/Ayush Agrawal/Desktop/Pipelined-Microprocessor/Codes/Central-Code/memory.vhd Line: 43
Info (12021): Found 2 design units, including 1 entities, in source file inst_fetch.vhd
    Info (12022): Found design unit 1: inst_fetch-Behave File: C:/Users/Ayush Agrawal/Desktop/Pipelined-Microprocessor/Codes/Central-Code/inst_fetch.vhd Line: 20
    Info (12023): Found entity 1: inst_fetch File: C:/Users/Ayush Agrawal/Desktop/Pipelined-Microprocessor/Codes/Central-Code/inst_fetch.vhd Line: 10
Info (12021): Found 1 design units, including 0 entities, in source file if_components.vhd
    Info (12022): Found design unit 1: if_components File: C:/Users/Ayush Agrawal/Desktop/Pipelined-Microprocessor/Codes/Central-Code/if_components.vhd Line: 7
Info (12021): Found 2 design units, including 1 entities, in source file execute.vhd
    Info (12022): Found design unit 1: execute-Behave File: C:/Users/Ayush Agrawal/Desktop/Pipelined-Microprocessor/Codes/Central-Code/execute.vhd Line: 36
    Info (12023): Found entity 1: execute File: C:/Users/Ayush Agrawal/Desktop/Pipelined-Microprocessor/Codes/Central-Code/execute.vhd Line: 26
Info (12021): Found 1 design units, including 0 entities, in source file exe_components.vhd
    Info (12022): Found design unit 1: exe_components File: C:/Users/Ayush Agrawal/Desktop/Pipelined-Microprocessor/Codes/Central-Code/exe_components.vhd Line: 7
Info (12021): Found 2 design units, including 1 entities, in source file decoderrf.vhd
    Info (12022): Found design unit 1: decoderRF-Decode File: C:/Users/Ayush Agrawal/Desktop/Pipelined-Microprocessor/Codes/Central-Code/decoderRF.vhd Line: 12
    Info (12023): Found entity 1: decoderRF File: C:/Users/Ayush Agrawal/Desktop/Pipelined-Microprocessor/Codes/Central-Code/decoderRF.vhd Line: 7
Info (12021): Found 1 design units, including 0 entities, in source file decodecomponents.vhd
    Info (12022): Found design unit 1: decodeComponents File: C:/Users/Ayush Agrawal/Desktop/Pipelined-Microprocessor/Codes/Central-Code/decodeComponents.vhd Line: 4
Info (12021): Found 2 design units, including 1 entities, in source file decode.vhd
    Info (12022): Found design unit 1: Decode-arch File: C:/Users/Ayush Agrawal/Desktop/Pipelined-Microprocessor/Codes/Central-Code/Decode.vhd Line: 33
    Info (12023): Found entity 1: Decode File: C:/Users/Ayush Agrawal/Desktop/Pipelined-Microprocessor/Codes/Central-Code/Decode.vhd Line: 7
Info (12021): Found 2 design units, including 1 entities, in source file counter_2.vhd
    Info (12022): Found design unit 1: counter_2-SYN File: C:/Users/Ayush Agrawal/Desktop/Pipelined-Microprocessor/Codes/Central-Code/counter_2.vhd Line: 54
    Info (12023): Found entity 1: counter_2 File: C:/Users/Ayush Agrawal/Desktop/Pipelined-Microprocessor/Codes/Central-Code/counter_2.vhd Line: 43
Info (12021): Found 2 design units, including 1 entities, in source file counter.vhd
    Info (12022): Found design unit 1: counter-SYN File: C:/Users/Ayush Agrawal/Desktop/Pipelined-Microprocessor/Codes/Central-Code/counter.vhd Line: 53
    Info (12023): Found entity 1: counter File: C:/Users/Ayush Agrawal/Desktop/Pipelined-Microprocessor/Codes/Central-Code/counter.vhd Line: 43
Info (12021): Found 1 design units, including 0 entities, in source file components.vhd
    Info (12022): Found design unit 1: components File: C:/Users/Ayush Agrawal/Desktop/Pipelined-Microprocessor/Codes/Central-Code/components.vhd Line: 4
Info (12021): Found 2 design units, including 1 entities, in source file alu.vhd
    Info (12022): Found design unit 1: alu-formulas File: C:/Users/Ayush Agrawal/Desktop/Pipelined-Microprocessor/Codes/Central-Code/alu.vhd Line: 22
    Info (12023): Found entity 1: alu File: C:/Users/Ayush Agrawal/Desktop/Pipelined-Microprocessor/Codes/Central-Code/alu.vhd Line: 8
Info (12021): Found 2 design units, including 1 entities, in source file adder.vhd
    Info (12022): Found design unit 1: adder-SYN File: C:/Users/Ayush Agrawal/Desktop/Pipelined-Microprocessor/Codes/Central-Code/adder.vhd Line: 54
    Info (12023): Found entity 1: adder File: C:/Users/Ayush Agrawal/Desktop/Pipelined-Microprocessor/Codes/Central-Code/adder.vhd Line: 43
Error (10482): VHDL error at microprocessor.vhd(123): object "rf_dataIn_sel_m" is used but not declared File: C:/Users/Ayush Agrawal/Desktop/Pipelined-Microprocessor/Codes/Central-Code/microprocessor.vhd Line: 123
Error: Quartus Prime Analysis & Synthesis was unsuccessful. 1 error, 1 warning
    Error: Peak virtual memory: 876 megabytes
    Error: Processing ended: Thu Nov 24 19:47:52 2016
    Error: Elapsed time: 00:00:16
    Error: Total CPU time (on all processors): 00:00:36


